[INFO] Scanning for projects...
[INFO] 
[INFO] ------------------< com.example:buildnest-ecommerce >-------------------
[INFO] Building buildnest-ecommerce 0.0.1-SNAPSHOT
[INFO]   from pom.xml
[INFO] --------------------------------[ jar ]---------------------------------
[WARNING] The POM for au.com.dius.pact.consumer:pact-jvm-consumer-junit5:jar:4.6.10 is missing, no dependency information available
[INFO] ------------------------------------------------------------------------
[INFO] BUILD FAILURE
[INFO] ------------------------------------------------------------------------
[INFO] Total time:  2.206 s
[INFO] Finished at: 2026-01-30T23:53:47+05:30
[INFO] ------------------------------------------------------------------------
[ERROR] Failed to execute goal on project buildnest-ecommerce: Could not resolve dependencies for project com.example:buildnest-ecommerce:jar:0.0.1-SNAPSHOT
[ERROR] dependency: au.com.dius.pact.consumer:pact-jvm-consumer-junit5:jar:4.6.10 (test)
[ERROR] 	au.com.dius.pact.consumer:pact-jvm-consumer-junit5:jar:4.6.10 was not found in https://repo.maven.apache.org/maven2 during a previous attempt. This failure was cached in the local repository and resolution is not reattempted until the update interval of central has elapsed or updates are forced
[ERROR] 
[ERROR] -> [Help 1]
[ERROR] 
[ERROR] To see the full stack trace of the errors, re-run Maven with the -e switch.
[ERROR] Re-run Maven using the -X switch to enable full debug logging.
[ERROR] 
[ERROR] For more information about the errors and possible solutions, please read the following articles:
[ERROR] [Help 1] http://cwiki.apache.org/confluence/display/MAVEN/DependencyResolutionException
